
> actions/attest@4.1.0 bundle
> npm run format:write && npm run package


> actions/attest@4.1.0 format:write
> prettier --write **/*.ts

__tests__/index.test.ts 212ms (unchanged)
src/artifacts.ts 148ms (unchanged)
src/attest.ts 71ms (unchanged)
src/detect.ts 16ms (unchanged)
src/endpoints.ts 4ms (unchanged)
src/index.ts 14ms (unchanged)
src/main.ts 107ms (unchanged)
src/predicate.ts 20ms (unchanged)
src/provenance.ts 6ms (unchanged)
src/sbom.ts 23ms (unchanged)
src/style.ts 7ms (unchanged)
src/subject.ts 79ms (unchanged)

> actions/attest@4.1.0 package
> ncc build src/index.ts --license licenses.txt

ncc: Version 0.45.0
ncc: Compiling file index.js into ESM
ncc: Using typescript@6.0.3 (local user-provided)
   0kB  dist/package.json
   0kB  dist/50.index.js
   2kB  dist/licenses.txt
   7kB  dist/606.index.js
4755kB  dist/index.js
4764kB  [20552ms] - ncc 0.45.0
