From https://github.com/actions/attest
 * branch            c5895f04a64254068ee4ce85086baae80a363b9c -> FETCH_HEAD
HEAD is now at c5895f0 build(deps-dev): Bump the npm-development group across 1 directory with 6 updates (#496)
v24.5.0
11.5.1
24.5.0
8e54148af4ab9399399b5fbe78b5f6426956bc09cadc334dfafb82fd4d2a5589  package-lock.json
npm warn EBADENGINE Unsupported engine {
npm warn EBADENGINE   package: '@npmcli/agent@5.0.2',
npm warn EBADENGINE   required: { node: '^22.22.2 || ^24.15.0 || >=26.0.0' },
npm warn EBADENGINE   current: { node: 'v24.5.0', npm: '11.5.1' }
npm warn EBADENGINE }
npm warn EBADENGINE Unsupported engine {
npm warn EBADENGINE   package: '@npmcli/fs@6.0.0',
npm warn EBADENGINE   required: { node: '^22.22.2 || ^24.15.0 || >=26.0.0' },
npm warn EBADENGINE   current: { node: 'v24.5.0', npm: '11.5.1' }
npm warn EBADENGINE }
npm warn EBADENGINE Unsupported engine {
npm warn EBADENGINE   package: '@npmcli/redact@5.0.0',
npm warn EBADENGINE   required: { node: '^22.22.2 || ^24.15.0 || >=26.0.0' },
npm warn EBADENGINE   current: { node: 'v24.5.0', npm: '11.5.1' }
npm warn EBADENGINE }
npm warn EBADENGINE Unsupported engine {
npm warn EBADENGINE   package: '@sigstore/mock@0.13.0',
npm warn EBADENGINE   required: { node: '^22.22.2 || ^24.15.0 || >=26.0.0' },
npm warn EBADENGINE   current: { node: 'v24.5.0', npm: '11.5.1' }
npm warn EBADENGINE }
npm warn EBADENGINE Unsupported engine {
npm warn EBADENGINE   package: '@sigstore/oci@0.7.2',
npm warn EBADENGINE   required: { node: '^22.22.2 || ^24.15.0 || >=26.0.0' },
npm warn EBADENGINE   current: { node: 'v24.5.0', npm: '11.5.1' }
npm warn EBADENGINE }
npm warn EBADENGINE Unsupported engine {
npm warn EBADENGINE   package: 'proc-log@7.0.0',
npm warn EBADENGINE   required: { node: '^22.22.2 || ^24.15.0 || >=26.0.0' },
npm warn EBADENGINE   current: { node: 'v24.5.0', npm: '11.5.1' }
npm warn EBADENGINE }
npm warn EBADENGINE Unsupported engine {
npm warn EBADENGINE   package: 'cacache@21.0.1',
npm warn EBADENGINE   required: { node: '^22.22.2 || ^24.15.0 || >=26.0.0' },
npm warn EBADENGINE   current: { node: 'v24.5.0', npm: '11.5.1' }
npm warn EBADENGINE }
npm warn EBADENGINE Unsupported engine {
npm warn EBADENGINE   package: 'ini@7.0.0',
npm warn EBADENGINE   required: { node: '^22.22.2 || ^24.15.0 || >=26.0.0' },
npm warn EBADENGINE   current: { node: 'v24.5.0', npm: '11.5.1' }
npm warn EBADENGINE }
npm warn EBADENGINE Unsupported engine {
npm warn EBADENGINE   package: 'make-fetch-happen@16.0.1',
npm warn EBADENGINE   required: { node: '^22.22.2 || ^24.15.0 || >=26.0.0' },
npm warn EBADENGINE   current: { node: 'v24.5.0', npm: '11.5.1' }
npm warn EBADENGINE }
npm warn EBADENGINE Unsupported engine {
npm warn EBADENGINE   package: 'proc-log@7.0.0',
npm warn EBADENGINE   required: { node: '^22.22.2 || ^24.15.0 || >=26.0.0' },
npm warn EBADENGINE   current: { node: 'v24.5.0', npm: '11.5.1' }
npm warn EBADENGINE }
npm warn EBADENGINE Unsupported engine {
npm warn EBADENGINE   package: 'minipass-fetch@6.0.0',
npm warn EBADENGINE   required: { node: '^22.22.2 || ^24.15.0 || >=26.0.0' },
npm warn EBADENGINE   current: { node: 'v24.5.0', npm: '11.5.1' }
npm warn EBADENGINE }
npm warn EBADENGINE Unsupported engine {
npm warn EBADENGINE   package: 'ssri@14.0.0',
npm warn EBADENGINE   required: { node: '^22.22.2 || ^24.15.0 || >=26.0.0' },
npm warn EBADENGINE   current: { node: 'v24.5.0', npm: '11.5.1' }
npm warn EBADENGINE }
npm warn deprecated glob@10.5.0: Old versions of glob are not supported, and contain widely publicized security vulnerabilities, which have been fixed in the current version. Please update. Support for old versions may be purchased (at exorbitant rates) by contacting i@izs.me

added 782 packages in 23s
npm notice
npm notice New minor version of npm available! 11.5.1 -> 11.19.1
npm notice Changelog: https://github.com/npm/cli/releases/tag/v11.19.1
npm notice To update run: npm install -g npm@11.19.1
npm notice
