{
  "time_utc": "2026-09-20T20:53:06.111612+00:00",
  "revision": "c5895f04a64254068ee4ce85086baae80a363b9c",
  "node": "v24.5.0",
  "git": "git version 2.39.5",
  "baseline_hashes": {
    "dist/184.index.js": "a55876b6637888e84e212b9c7e3ca7b7f8d8d8a36e1eb1cc01ae93c276ad6bc9",
    "dist/50.index.js": "45195f12661aeef8aa7ffabfd780d02fffd45c2c37102ff2ecf217a56d6d4f92",
    "dist/606.index.js": "629225cc3e937e22ce6b90c21f1d938d1be0716257446593555696bf1d01523e",
    "dist/index.js": "289ccb9654b7113dcfd539f5b143fab30537b4045e53652161e8c88353ef7d90",
    "dist/licenses.txt": "ecaaf3e9799bcf31db16d25584213e1ef190a364d561a82164a5abc5b1327835",
    "dist/package.json": "3ca9d4afd21425087cf31893b8f9f63c81b0b8408db5e343ca76e5f8aa26ab9a"
  },
  "baseline_original": [
    false,
    false,
    false
  ],
  "baseline_patched": [
    false,
    false,
    false
  ],
  "regenerated_hashes": {
    "dist/184.index.js": "a55876b6637888e84e212b9c7e3ca7b7f8d8d8a36e1eb1cc01ae93c276ad6bc9",
    "dist/50.index.js": "45195f12661aeef8aa7ffabfd780d02fffd45c2c37102ff2ecf217a56d6d4f92",
    "dist/606.index.js": "629225cc3e937e22ce6b90c21f1d938d1be0716257446593555696bf1d01523e",
    "dist/index.js": "289ccb9654b7113dcfd539f5b143fab30537b4045e53652161e8c88353ef7d90",
    "dist/licenses.txt": "ecaaf3e9799bcf31db16d25584213e1ef190a364d561a82164a5abc5b1327835",
    "dist/package.json": "3ca9d4afd21425087cf31893b8f9f63c81b0b8408db5e343ca76e5f8aa26ab9a"
  },
  "status_after_rebuild": "?? dist/606.index.js\n",
  "tracked_diff_after_rebuild": "",
  "missing_chunk_original": [
    false,
    false,
    false
  ],
  "missing_chunk_patched": [
    true,
    true,
    true
  ],
  "patch_applied_exactly": true,
  "source_delta": "",
  "limits": [
    "Intentional omitted-output fixture, not naturally occurring dependency update",
    "Compiled the real project; did not execute the attestation action",
    "Executed comparison blocks only, never commit/push workflow steps",
    "No remote exploit, hosted CI run, or external submission"
  ]
}
